2026-10-03T06:58:46Z INF Thank you for trying Cloudflare Tunnel. Doing so, without a Cloudflare account, is a quick way to experiment and try it out. However, be aware that these account-less Tunnels have no uptime guarantee, are subject to the Cloudflare Online Services Terms of Use (https://www.cloudflare.com/website-terms/), and Cloudflare reserves the right to investigate your use of Tunnels for violations of such terms. If you intend to use Tunnels in production you should use a pre-created named tunnel by following: https://developers.cloudflare.com/cloudflare-one/connections/connect-apps
2026-10-03T06:58:46Z INF Requesting new quick Tunnel on trycloudflare.com...
2026-10-03T06:58:51Z INF +--------------------------------------------------------------------------------------------+
2026-10-03T06:58:51Z INF |  Your quick Tunnel has been created! Visit it at (it may take some time to be reachable):  |
2026-10-03T06:58:51Z INF |  https://dot-panels-pets-lucia.trycloudflare.com                                           |
2026-10-03T06:58:51Z INF +--------------------------------------------------------------------------------------------+
2026-10-03T06:58:51Z INF Cannot determine default configuration path. No file [config.yml config.yaml] in [~/.cloudflared ~/.cloudflare-warp ~/cloudflare-warp /etc/cloudflared /usr/local/etc/cloudflared]
2026-10-03T06:58:51Z INF Version 2026.9.3 (Checksum 5472c1a01c84bc31b3021056a73b4e5774ddddefc572124ea8fdf6c340639f32)
2026-10-03T06:58:51Z INF GOOS: darwin, GOVersion: go1.27.1, GoArch: arm64
2026-10-03T06:58:51Z INF Settings: map[ha-connections:1 protocol:quic url:http://127.0.0.1:8000]
2026-10-03T06:58:51Z INF Autoupdate frequency is set autoupdateFreq=86400000
2026-10-03T06:58:52Z INF Generated Connector ID: 7b02dc70-cb12-4c8d-b2bc-422a0076b4c2
2026-10-03T06:58:52Z INF Initial protocol quic
2026-10-03T06:58:52Z INF ICMP proxy will use 10.90.9.43 as source for IPv4
2026-10-03T06:58:52Z INF ICMP proxy will use fe80::cd9:d27:8737:ac37 in zone en0 as source for IPv6
2026-10-03T06:58:52Z INF Created ICMP proxy listening on 10.90.9.43:0
2026-10-03T06:58:52Z INF ICMP proxy will use 10.90.9.43 as source for IPv4
2026-10-03T06:58:52Z INF ICMP proxy will use fe80::cd9:d27:8737:ac37 in zone en0 as source for IPv6
2026-10-03T06:58:52Z INF Starting metrics server on 127.0.0.1:20241/metrics
2026-10-03T06:58:52Z INF Tunnel connection curve preferences: [X25519MLKEM768 CurveID(65074) CurveP256] connIndex=0 event=0 ip=198.41.192.57
2026-10-03T06:58:52Z INF Registered tunnel connection connIndex=0 connection=8c440427-94b2-40ee-a801-1821609651c7 event=0 ip=198.41.192.57 location=waw03 protocol=quic
2026-10-03T06:58:58Z INF +-------------------------------------------------------------------------------------+
2026-10-03T06:58:58Z INF |                               CONNECTIVITY PRE-CHECKS                               |
2026-10-03T06:58:58Z INF +-------------------------------------------------------------------------------------+
2026-10-03T06:58:58Z INF |  COMPONENT         TARGET                     STATUS  DETAILS                       |
2026-10-03T06:58:58Z INF |  DNS Resolution    region1.v2.argotunnel.com  PASS    DNS Resolved successfully     |
2026-10-03T06:58:58Z INF |  DNS Resolution    region2.v2.argotunnel.com  PASS    DNS Resolved successfully     |
2026-10-03T06:58:58Z INF |  UDP Connectivity  region1.v2.argotunnel.com  PASS    QUIC connection successful    |
2026-10-03T06:58:58Z INF |  UDP Connectivity  region2.v2.argotunnel.com  PASS    QUIC connection successful    |
2026-10-03T06:58:58Z INF |  TCP Connectivity  region1.v2.argotunnel.com  PASS    HTTP/2 connection successful  |
2026-10-03T06:58:58Z INF |  TCP Connectivity  region2.v2.argotunnel.com  PASS    HTTP/2 connection successful  |
2026-10-03T06:58:58Z INF |  Cloudflare API    api.cloudflare.com:443     PASS    API is reachable              |
2026-10-03T06:58:58Z INF |                                                                                     |
2026-10-03T06:58:58Z INF |  SUMMARY: Environment is healthy. cloudflared will use 'quic' as primary protocol.  |
2026-10-03T06:58:58Z INF +-------------------------------------------------------------------------------------+
2026-10-03T06:58:58Z INF precheck component="DNS Resolution" details="DNS Resolved successfully" run_id=ca40f250-2a98-40e8-8a08-026c67128061 status=pass target=region1.v2.argotunnel.com
2026-10-03T06:58:58Z INF precheck component="DNS Resolution" details="DNS Resolved successfully" run_id=ca40f250-2a98-40e8-8a08-026c67128061 status=pass target=region2.v2.argotunnel.com
2026-10-03T06:58:58Z INF precheck component="UDP Connectivity" details="QUIC connection successful" run_id=ca40f250-2a98-40e8-8a08-026c67128061 status=pass target=region1.v2.argotunnel.com
2026-10-03T06:58:58Z INF precheck component="UDP Connectivity" details="QUIC connection successful" run_id=ca40f250-2a98-40e8-8a08-026c67128061 status=pass target=region2.v2.argotunnel.com
2026-10-03T06:58:58Z INF precheck component="TCP Connectivity" details="HTTP/2 connection successful" run_id=ca40f250-2a98-40e8-8a08-026c67128061 status=pass target=region1.v2.argotunnel.com
2026-10-03T06:58:58Z INF precheck component="TCP Connectivity" details="HTTP/2 connection successful" run_id=ca40f250-2a98-40e8-8a08-026c67128061 status=pass target=region2.v2.argotunnel.com
2026-10-03T06:58:58Z INF precheck component="Cloudflare API" details="API is reachable" run_id=ca40f250-2a98-40e8-8a08-026c67128061 status=pass target=api.cloudflare.com:443
2026-10-03T06:58:58Z INF precheck complete hard_fail=false run_id=ca40f250-2a98-40e8-8a08-026c67128061 suggested_protocol=quic
