2026-10-02T14:52:39+05:00 watchdog already running, exiting
2026-10-02T14:53:46+05:00 watchdog loop starting (pid 61640)
2026-10-02T14:53:46+05:00 starting backend (uvicorn)
2026-10-02T14:53:48+05:00 tunnel unhealthy, cycling cloudflared + bot
2026-10-02T14:53:49+05:00 starting new cloudflared quick tunnel
2026-10-02T14:54:05+05:00 ERROR: cloudflared did not report a URL within 15s
2026-10-02T14:54:36+05:00 tunnel unhealthy, cycling cloudflared + bot
2026-10-02T14:54:37+05:00 starting new cloudflared quick tunnel
2026-10-02T14:54:53+05:00 ERROR: cloudflared did not report a URL within 15s
2026-10-02T14:55:02+05:00 watchdog loop starting (pid 61923)
2026-10-02T14:55:02+05:00 starting backend (uvicorn)
2026-10-02T14:55:04+05:00 tunnel unhealthy, cycling cloudflared + bot
2026-10-02T14:55:05+05:00 starting new cloudflared quick tunnel
2026-10-02T14:55:11+05:00 new tunnel URL: https://ata-controls-mission-lowest.trycloudflare.com
2026-10-02T14:55:12+05:00 starting bot (aiogram polling)
2026-10-02T15:20:40+05:00 tunnel unhealthy, cycling cloudflared + bot
2026-10-02T15:20:41+05:00 starting new cloudflared quick tunnel
2026-10-02T15:20:47+05:00 new tunnel URL: https://pic-january-speakers-keeps.trycloudflare.com
2026-10-02T15:20:48+05:00 starting bot (aiogram polling)
2026-10-02T15:27:05+05:00 tunnel unhealthy, cycling cloudflared + bot
2026-10-02T15:27:06+05:00 starting new cloudflared quick tunnel
2026-10-02T15:27:11+05:00 new tunnel URL: https://bernard-installation-raleigh-heater.trycloudflare.com
2026-10-02T15:27:12+05:00 starting bot (aiogram polling)
2026-10-02T16:56:25+05:00 watchdog loop starting (pid 66130)
2026-10-02T16:56:25+05:00 backend unhealthy, restarting
2026-10-02T16:56:25+05:00 starting backend (uvicorn)
2026-10-02T16:56:49+05:00 starting bot (aiogram polling)
2026-10-02T16:57:32+05:00 tunnel unhealthy (1 checks), recycling cloudflared
2026-10-02T16:57:32+05:00 starting new cloudflared quick tunnel
2026-10-02T16:57:44+05:00 new tunnel URL: https://pointing-arising-mesa-thou.trycloudflare.com
2026-10-02T17:52:36+05:00 backend unhealthy, restarting
2026-10-02T17:52:36+05:00 starting backend (uvicorn)
2026-10-02T17:57:28+05:00 backend unhealthy, restarting
2026-10-02T17:57:28+05:00 starting backend (uvicorn)
2026-10-02T18:11:45+05:00 backend unhealthy, restarting
2026-10-02T18:11:45+05:00 starting backend (uvicorn)
2026-10-02T18:16:59+05:00 backend unhealthy, restarting
2026-10-02T18:16:59+05:00 starting backend (uvicorn)
2026-10-02T18:20:50+05:00 backend unhealthy, restarting
2026-10-02T18:20:50+05:00 starting backend (uvicorn)
2026-10-02T18:24:10+05:00 tunnel check failed (1/2), rechecking soon
2026-10-02T18:24:46+05:00 tunnel unhealthy (2 checks), recycling cloudflared
2026-10-02T18:24:46+05:00 starting new cloudflared quick tunnel
2026-10-02T18:27:04+05:00 warning: new tunnel URL not answering yet, publishing anyway
2026-10-02T18:27:04+05:00 new tunnel URL: https://api.trycloudflare.com
2026-10-02T18:27:25+05:00 tunnel unhealthy (1 checks), recycling cloudflared
2026-10-02T18:27:25+05:00 starting new cloudflared quick tunnel
2026-10-02T18:27:35+05:00 new tunnel URL: https://developmental-annie-mono-expo.trycloudflare.com
2026-10-02T18:28:36+05:00 backend unhealthy, restarting
2026-10-02T18:28:36+05:00 starting backend (uvicorn)
2026-10-02T18:36:58+05:00 backend unhealthy, restarting
2026-10-02T18:36:58+05:00 starting backend (uvicorn)
2026-10-02T18:41:52+05:00 backend unhealthy, restarting
2026-10-02T18:41:52+05:00 starting backend (uvicorn)
2026-10-02T18:47:10+05:00 backend unhealthy, restarting
2026-10-02T18:47:10+05:00 starting backend (uvicorn)
2026-10-02T18:49:19+05:00 backend unhealthy, restarting
2026-10-02T18:49:19+05:00 starting backend (uvicorn)
2026-10-02T18:50:04+05:00 backend unhealthy, restarting
2026-10-02T18:50:04+05:00 starting backend (uvicorn)
2026-10-02T19:01:13+05:00 backend unhealthy, restarting
2026-10-02T19:01:13+05:00 starting backend (uvicorn)
2026-10-02T19:04:02+05:00 tunnel check failed (1/2), rechecking soon
2026-10-02T19:58:34+05:00 tunnel check failed (1/2), rechecking soon
2026-10-02T20:08:40+05:00 tunnel unhealthy (2 checks), recycling cloudflared
2026-10-02T20:08:40+05:00 starting new cloudflared quick tunnel
2026-10-02T21:45:31+05:00 warning: new tunnel URL not answering yet, publishing anyway
2026-10-02T21:45:31+05:00 new tunnel URL: https://api.trycloudflare.com
2026-10-02T21:51:26+05:00 tunnel unhealthy (1 checks), recycling cloudflared
2026-10-02T21:51:26+05:00 starting new cloudflared quick tunnel
2026-10-03T00:54:32+05:00 warning: new tunnel URL not answering yet, publishing anyway
2026-10-03T01:20:38+05:00 new tunnel URL: https://api.trycloudflare.com
2026-10-03T01:55:36+05:00 tunnel unhealthy (1 checks), recycling cloudflared
2026-10-03T01:55:36+05:00 starting new cloudflared quick tunnel
2026-10-03T03:23:35+05:00 warning: new tunnel URL not answering yet, publishing anyway
2026-10-03T03:23:35+05:00 new tunnel URL: https://api.trycloudflare.com
2026-10-03T04:31:00+05:00 tunnel unhealthy (1 checks), recycling cloudflared
2026-10-03T04:31:00+05:00 starting new cloudflared quick tunnel
2026-10-03T07:00:31+05:00 warning: new tunnel URL not answering yet, publishing anyway
2026-10-03T07:00:31+05:00 new tunnel URL: https://api.trycloudflare.com
2026-10-03T08:01:29+05:00 tunnel unhealthy (1 checks), recycling cloudflared
2026-10-03T08:01:29+05:00 starting new cloudflared quick tunnel
2026-10-03T08:42:04+05:00 warning: new tunnel URL not answering yet, publishing anyway
2026-10-03T08:42:04+05:00 new tunnel URL: https://api.trycloudflare.com
2026-10-03T08:42:26+05:00 tunnel unhealthy (1 checks), recycling cloudflared
2026-10-03T08:42:26+05:00 starting new cloudflared quick tunnel
2026-10-03T08:42:36+05:00 new tunnel URL: https://implementing-thehun-greene-peripheral.trycloudflare.com
2026-10-03T10:23:35+05:00 backend unhealthy, restarting
2026-10-03T10:23:35+05:00 starting backend (uvicorn)
2026-10-03T10:23:41+05:00 tunnel check failed (1/2), rechecking soon
2026-10-03T10:24:01+05:00 backend unhealthy, restarting
2026-10-03T10:24:01+05:00 starting backend (uvicorn)
2026-10-03T11:27:35+05:00 tunnel check failed (1/2), rechecking soon
2026-10-03T11:27:56+05:00 tunnel unhealthy (2 checks), recycling cloudflared
2026-10-03T11:27:56+05:00 starting new cloudflared quick tunnel
2026-10-03T11:51:56+05:00 warning: new tunnel URL not answering yet, publishing anyway
2026-10-03T11:51:56+05:00 new tunnel URL: https://api.trycloudflare.com
2026-10-03T11:52:17+05:00 tunnel unhealthy (1 checks), recycling cloudflared
2026-10-03T11:52:17+05:00 starting new cloudflared quick tunnel
2026-10-03T11:58:24+05:00 warning: new tunnel URL not answering yet, publishing anyway
2026-10-03T11:58:24+05:00 new tunnel URL: https://api.trycloudflare.com
2026-10-03T11:58:45+05:00 tunnel unhealthy (1 checks), recycling cloudflared
2026-10-03T11:58:45+05:00 starting new cloudflared quick tunnel
2026-10-03T11:58:54+05:00 new tunnel URL: https://dot-panels-pets-lucia.trycloudflare.com
2026-10-03T12:07:48+05:00 backend unhealthy, restarting
2026-10-03T12:07:48+05:00 starting backend (uvicorn)
2026-10-03T12:08:08+05:00 watchdog already running (pid 66130), exiting
2026-10-03T12:09:35+05:00 backend unhealthy, restarting
2026-10-03T12:09:35+05:00 starting backend (uvicorn)
2026-10-03T12:21:38+05:00 backend unhealthy, restarting
2026-10-03T12:21:38+05:00 starting backend (uvicorn)
2026-10-03T12:22:24+05:00 starting bot (aiogram polling)
2026-10-03T12:23:06+05:00 backend unhealthy, restarting
2026-10-03T12:23:06+05:00 starting backend (uvicorn)
